---
http_interactions:
- request:
    method: get
    uri: https://api.teleport.org/api/urban_areas/slug:Denver/salaries
    body:
      encoding: US-ASCII
      string: ''
    headers:
      User-Agent:
      - Faraday v2.7.4
      Accept-Encoding:
      - gzip;q=1.0,deflate;q=0.6,identity;q=0.3
      Accept:
      - "*/*"
  response:
    status:
      code: 404
      message: Not Found
    headers:
      Content-Type:
      - text/html; charset=utf-8
      Content-Length:
      - '80'
      Connection:
      - keep-alive
      Date:
      - Mon, 24 Apr 2023 15:04:56 GMT
      Server:
      - nginx
      Vary:
      - Origin,Accept-Encoding
      X-Cache:
      - Error from cloudfront
      Via:
      - 1.1 b7bda6e7794db75fcc11fe5733aa7ccc.cloudfront.net (CloudFront)
      X-Amz-Cf-Pop:
      - DEN50-C1
      X-Amz-Cf-Id:
      - zPrE2lqPPC_E-o3G6xnUcLUPQ14eqRMbhmH3h4sbBvRPmGFrx7EJuw==
    body:
      encoding: ASCII-8BIT
      string: Sorry, but the page you were trying to view does not exist.
  recorded_at: Mon, 24 Apr 2023 15:04:57 GMT
- request:
    method: get
    uri: https://api.teleport.org/urban_areas/slug:Denver/salaries
    body:
      encoding: US-ASCII
      string: ''
    headers:
      User-Agent:
      - Faraday v2.7.4
      Accept-Encoding:
      - gzip;q=1.0,deflate;q=0.6,identity;q=0.3
      Accept:
      - "*/*"
  response:
    status:
      code: 404
      message: Not Found
    headers:
      Content-Type:
      - application/json
      Content-Length:
      - '46'
      Connection:
      - keep-alive
      Date:
      - Mon, 24 Apr 2023 15:05:30 GMT
      Vary:
      - Origin
      X-Cache:
      - Error from cloudfront
      Via:
      - 1.1 9106b78e193d93c4369ca72b57d1f212.cloudfront.net (CloudFront)
      X-Amz-Cf-Pop:
      - DEN50-C1
      X-Amz-Cf-Id:
      - lojCg66ikeDeoDsF79MhFAy2g29vFwYSsOV4p7xNthQrngwXlWKnYA==
    body:
      encoding: UTF-8
      string: '{"http_status_code":404,"message":"Not Found"}'
  recorded_at: Mon, 24 Apr 2023 15:05:30 GMT
- request:
    method: get
    uri: https://api.teleport.org/urban_areas/slug:denver/salaries
    body:
      encoding: US-ASCII
      string: ''
    headers:
      User-Agent:
      - Faraday v2.7.4
      Accept-Encoding:
      - gzip;q=1.0,deflate;q=0.6,identity;q=0.3
      Accept:
      - "*/*"
  response:
    status:
      code: 404
      message: Not Found
    headers:
      Content-Type:
      - application/json
      Content-Length:
      - '46'
      Connection:
      - keep-alive
      Date:
      - Mon, 24 Apr 2023 15:05:51 GMT
      Vary:
      - Origin
      X-Cache:
      - Error from cloudfront
      Via:
      - 1.1 eba6a3350abca3f534c3b54e45e13cd2.cloudfront.net (CloudFront)
      X-Amz-Cf-Pop:
      - DEN50-C1
      X-Amz-Cf-Id:
      - h9vNc_dJCf9xAyRzIG70hKJu4nFioqSKLm38JNGxnN_GWtlLUrs4pA==
    body:
      encoding: UTF-8
      string: '{"http_status_code":404,"message":"Not Found"}'
  recorded_at: Mon, 24 Apr 2023 15:05:51 GMT
- request:
    method: get
    uri: https://api.teleport.org/urban_areas/slug:aarhus/salaries
    body:
      encoding: US-ASCII
      string: ''
    headers:
      User-Agent:
      - Faraday v2.7.4
      Accept-Encoding:
      - gzip;q=1.0,deflate;q=0.6,identity;q=0.3
      Accept:
      - "*/*"
  response:
    status:
      code: 404
      message: Not Found
    headers:
      Content-Type:
      - application/json
      Content-Length:
      - '46'
      Connection:
      - keep-alive
      Date:
      - Mon, 24 Apr 2023 15:06:28 GMT
      Vary:
      - Origin
      X-Cache:
      - Error from cloudfront
      Via:
      - 1.1 5403dac1c8184ecaec0838c37f7a4ab2.cloudfront.net (CloudFront)
      X-Amz-Cf-Pop:
      - DEN50-C1
      X-Amz-Cf-Id:
      - zjBQoqxtu9EIrw0TOE6AFk4NBVoT40DeUvWoBh_t5IPdf0_vrF-XEA==
    body:
      encoding: UTF-8
      string: '{"http_status_code":404,"message":"Not Found"}'
  recorded_at: Mon, 24 Apr 2023 15:06:28 GMT
- request:
    method: get
    uri: https://api.teleport.org/api/urban_areas/slug:aarhus/salaries
    body:
      encoding: US-ASCII
      string: ''
    headers:
      User-Agent:
      - Faraday v2.7.4
      Accept-Encoding:
      - gzip;q=1.0,deflate;q=0.6,identity;q=0.3
      Accept:
      - "*/*"
  response:
    status:
      code: 200
      message: OK
    headers:
      Content-Type:
      - application/json; charset=utf-8
      Transfer-Encoding:
      - chunked
      Connection:
      - keep-alive
      Date:
      - Mon, 24 Apr 2023 15:08:53 GMT
      Access-Control-Max-Age:
      - '600'
      Cache-Control:
      - public, max-age=300
      Server:
      - nginx
      X-Apiproxy-Cache-Status:
      - EXPIRED
      Vary:
      - Origin,Accept-Encoding
      X-Cache:
      - Miss from cloudfront
      Via:
      - 1.1 c1ac198ab82768c141e2da4f5b4eb71c.cloudfront.net (CloudFront)
      X-Amz-Cf-Pop:
      - DEN50-C1
      X-Amz-Cf-Id:
      - CiMAKloFFm7Ey_9M1PTLv6Wr8bjdYrbVwCSeRpowFd6gxy0GDeC02Q==
    body:
      encoding: ASCII-8BIT
      string: '{"_links":{"curies":[{"href":"https://developers.teleport.org/api/resources/Location/#!/relations/{rel}/","name":"location","templated":true},{"href":"https://developers.teleport.org/api/resources/City/#!/relations/{rel}/","name":"city","templated":true},{"href":"https://developers.teleport.org/api/resources/UrbanArea/#!/relations/{rel}/","name":"ua","templated":true},{"href":"https://developers.teleport.org/api/resources/Country/#!/relations/{rel}/","name":"country","templated":true},{"href":"https://developers.teleport.org/api/resources/Admin1Division/#!/relations/{rel}/","name":"a1","templated":true},{"href":"https://developers.teleport.org/api/resources/Timezone/#!/relations/{rel}/","name":"tz","templated":true}],"self":{"href":"https://api.teleport.org/api/urban_areas/slug:aarhus/salaries/"}},"salaries":[{"job":{"id":"ACCOUNT-MANAGER","title":"Account
        Manager"},"salary_percentiles":{"percentile_25":43424.33443206031,"percentile_50":54368.0046490173,"percentile_75":68069.6657340874}},{"job":{"id":"ACCOUNTANT","title":"Accountant"},"salary_percentiles":{"percentile_25":62103.94983835721,"percentile_50":73755.51669111331,"percentile_75":87593.07993343232}},{"job":{"id":"ADMINISTRATIVE-ASSISTANT","title":"Administrative
        Assistant"},"salary_percentiles":{"percentile_25":52115.246043412124,"percentile_50":62762.854362431135,"percentile_75":75585.86376889399}},{"job":{"id":"ARCHITECT","title":"Architect"},"salary_percentiles":{"percentile_25":78825.53954452634,"percentile_50":97607.27873911858,"percentile_75":120864.13766282378}},{"job":{"id":"ATTORNEY","title":"Attorney"},"salary_percentiles":{"percentile_25":47127.59077442995,"percentile_50":63642.40959331585,"percentile_75":85944.48034124814}},{"job":{"id":"BUSINESS-ANALYST","title":"Business
        Analyst"},"salary_percentiles":{"percentile_25":41809.39979028774,"percentile_50":61267.29011593911,"percentile_75":89780.78750182452}},{"job":{"id":"BUSINESS-DEVELOPMENT","title":"Business
        Development"},"salary_percentiles":{"percentile_25":61637.47972634038,"percentile_50":78989.63235709904,"percentile_75":101226.75436457398}},{"job":{"id":"C-LEVEL-EXECUTIVE","title":"C
        Level Executive"},"salary_percentiles":{"percentile_25":38519.83002427552,"percentile_50":57751.15370619125,"percentile_75":86583.86478585859}},{"job":{"id":"CASHIER","title":"Cashier"},"salary_percentiles":{"percentile_25":45023.61923517208,"percentile_50":63075.56589488018,"percentile_75":88365.33092060665}},{"job":{"id":"CHEF","title":"Chef"},"salary_percentiles":{"percentile_25":35895.90776188566,"percentile_50":44090.0116233893,"percentile_75":54154.61667234032}},{"job":{"id":"CHEMICAL-ENGINEER","title":"Chemical
        Engineer"},"salary_percentiles":{"percentile_25":68883.77602405548,"percentile_50":83469.07421028796,"percentile_75":101142.63113406448}},{"job":{"id":"CIVIL-ENGINEER","title":"Civil
        Engineer"},"salary_percentiles":{"percentile_25":54259.34420852973,"percentile_50":68784.19495062016,"percentile_75":87197.24766340158}},{"job":{"id":"CONTENT-MARKETING","title":"Content
        Marketing"},"salary_percentiles":{"percentile_25":28835.92697509056,"percentile_50":36104.049808248295,"percentile_75":45204.10991755121}},{"job":{"id":"COPYWRITER","title":"Copywriter"},"salary_percentiles":{"percentile_25":40478.40701705186,"percentile_50":49774.120065886666,"percentile_75":61204.558452353376}},{"job":{"id":"CUSTOMER-SUPPORT","title":"Customer
        Support"},"salary_percentiles":{"percentile_25":26426.020315380538,"percentile_50":33975.327343112265,"percentile_75":43681.2979894589}},{"job":{"id":"DATA-ANALYST","title":"Data
        Analyst"},"salary_percentiles":{"percentile_25":52343.59930542115,"percentile_50":60259.68791225911,"percentile_75":69372.95171650121}},{"job":{"id":"DATA-SCIENTIST","title":"Data
        Scientist"},"salary_percentiles":{"percentile_25":52340.02452848,"percentile_50":63227.33174145069,"percentile_75":76379.31994029111}},{"job":{"id":"DENTIST","title":"Dentist"},"salary_percentiles":{"percentile_25":91175.44985606054,"percentile_50":118741.63678636364,"percentile_75":154642.24557119078}},{"job":{"id":"ELECTRICAL-ENGINEER","title":"Electrical
        Engineer"},"salary_percentiles":{"percentile_25":42949.77890871101,"percentile_50":55313.12145340353,"percentile_75":71235.32373523903}},{"job":{"id":"EXECUTIVE-ASSISTANT","title":"Executive
        Assistant"},"salary_percentiles":{"percentile_25":30276.19600625401,"percentile_50":36619.27285134022,"percentile_75":44291.26908426358}},{"job":{"id":"FASHION-DESIGNER","title":"Fashion
        Designer"},"salary_percentiles":{"percentile_25":72764.15552886711,"percentile_50":93932.3707895102,"percentile_75":121258.74639797943}},{"job":{"id":"FINANCE-MANAGER","title":"Finance
        Manager"},"salary_percentiles":{"percentile_25":60208.98186862403,"percentile_50":76056.33734112968,"percentile_75":96074.809276291}},{"job":{"id":"FINANCIAL-ANALYST","title":"Financial
        Analyst"},"salary_percentiles":{"percentile_25":91316.8505371389,"percentile_50":106273.34024582662,"percentile_75":123679.5047197988}},{"job":{"id":"GRAPHIC-DESIGNER","title":"Graphic
        Designer"},"salary_percentiles":{"percentile_25":32963.14591806562,"percentile_50":44147.54945116137,"percentile_75":59126.823859205026}},{"job":{"id":"HARDWARE-ENGINEER","title":"Hardware
        Engineer"},"salary_percentiles":{"percentile_25":58583.969741351764,"percentile_50":71176.50343194413,"percentile_75":86475.78276385782}},{"job":{"id":"HUMAN-RESOURCES-MANAGER","title":"Human
        Resources Manager"},"salary_percentiles":{"percentile_25":35434.42863116591,"percentile_50":43270.64019189191,"percentile_75":52839.80509761545}},{"job":{"id":"IT-MANAGER","title":"IT
        Manager"},"salary_percentiles":{"percentile_25":56198.45913403676,"percentile_50":81535.40467711583,"percentile_75":118295.45361742217}},{"job":{"id":"INDUSTRIAL-DESIGNER","title":"Industrial
        Designer"},"salary_percentiles":{"percentile_25":50847.7745080648,"percentile_50":62463.38888652826,"percentile_75":76732.46251064203}},{"job":{"id":"INTERIOR-DESIGNER","title":"Interior
        Designer"},"salary_percentiles":{"percentile_25":33649.528635756134,"percentile_50":40602.38014768086,"percentile_75":48991.86825175996}},{"job":{"id":"LECTURER","title":"Lecturer"},"salary_percentiles":{"percentile_25":33073.67584766406,"percentile_50":40754.83710211007,"percentile_75":50219.901618127464}},{"job":{"id":"MARKETING-MANAGER","title":"Marketing
        Manager"},"salary_percentiles":{"percentile_25":35647.53657179974,"percentile_50":46747.170504263995,"percentile_75":61302.91628295817}},{"job":{"id":"MECHANICAL-ENGINEER","title":"Mechanical
        Engineer"},"salary_percentiles":{"percentile_25":44010.16191590808,"percentile_50":56796.35918639224,"percentile_75":73297.30853963668}},{"job":{"id":"MOBILE-DEVELOPER","title":"Mobile
        Developer"},"salary_percentiles":{"percentile_25":74825.26284218753,"percentile_50":93582.68910683438,"percentile_75":117042.28448802311}},{"job":{"id":"NURSE","title":"Nurse"},"salary_percentiles":{"percentile_25":39658.56418462895,"percentile_50":44119.06877196875,"percentile_75":49081.258218121235}},{"job":{"id":"OFFICE-MANAGER","title":"Office
        Manager"},"salary_percentiles":{"percentile_25":56676.22169196,"percentile_50":69290.73654482342,"percentile_75":84712.8835972709}},{"job":{"id":"OPERATIONS-MANAGER","title":"Operations
        Manager"},"salary_percentiles":{"percentile_25":26704.24156649517,"percentile_50":42087.59279322798,"percentile_75":66332.73829244576}},{"job":{"id":"PHARMACIST","title":"Pharmacist"},"salary_percentiles":{"percentile_25":64523.834201774014,"percentile_50":71880.4372219691,"percentile_75":80075.79399364624}},{"job":{"id":"PHYSICIAN","title":"Physician"},"salary_percentiles":{"percentile_25":40030.38990472807,"percentile_50":54539.75804371651,"percentile_75":74308.17472791603}},{"job":{"id":"POSTDOCTORAL-RESEARCHER","title":"Postdoctoral
        Researcher"},"salary_percentiles":{"percentile_25":52569.76898057608,"percentile_50":59455.121416621834,"percentile_75":67242.28641695864}},{"job":{"id":"PRODUCT-MANAGER","title":"Product
        Manager"},"salary_percentiles":{"percentile_25":55659.121363157545,"percentile_50":68398.62297607954,"percentile_75":84053.9970887976}},{"job":{"id":"PROJECT-MANAGER","title":"Project
        Manager"},"salary_percentiles":{"percentile_25":53445.32332993024,"percentile_50":64373.845566231605,"percentile_75":77537.03663467847}},{"job":{"id":"QA-ENGINEER","title":"QA
        Engineer"},"salary_percentiles":{"percentile_25":38202.162480566374,"percentile_50":47092.75398120322,"percentile_75":58052.40681498856}},{"job":{"id":"RECEPTIONIST","title":"Receptionist"},"salary_percentiles":{"percentile_25":92611.46770482928,"percentile_50":112167.8676400815,"percentile_75":135853.91574856517}},{"job":{"id":"RESEARCH-SCIENTIST","title":"Research
        Scientist"},"salary_percentiles":{"percentile_25":45037.62011004857,"percentile_50":57721.083750631566,"percentile_75":73976.45570983591}},{"job":{"id":"SALES-MANAGER","title":"Sales
        Manager"},"salary_percentiles":{"percentile_25":36587.20420309221,"percentile_50":48356.06871678158,"percentile_75":63910.57837495211}},{"job":{"id":"SOFTWARE-ENGINEER","title":"Software
        Engineer"},"salary_percentiles":{"percentile_25":49531.09147541022,"percentile_50":59061.685924486424,"percentile_75":70426.12307411882}},{"job":{"id":"SYSTEMS-ADMINISTRATOR","title":"Systems
        Administrator"},"salary_percentiles":{"percentile_25":37441.05363411634,"percentile_50":45060.779758386096,"percentile_75":54231.21614781715}},{"job":{"id":"TEACHER","title":"Teacher"},"salary_percentiles":{"percentile_25":28030.216653638472,"percentile_50":34667.7233196321,"percentile_75":42876.980046836594}},{"job":{"id":"UX-DESIGNER","title":"UX
        Designer"},"salary_percentiles":{"percentile_25":46209.28689828651,"percentile_50":56659.24937269061,"percentile_75":69472.41030884166}},{"job":{"id":"WAITER","title":"Waiter"},"salary_percentiles":{"percentile_25":13347.990574928037,"percentile_50":20431.276564784966,"percentile_75":31273.40102043651}},{"job":{"id":"WEB-DESIGNER","title":"Web
        Designer"},"salary_percentiles":{"percentile_25":38659.827271038426,"percentile_50":47304.93840183404,"percentile_75":57883.26940813064}},{"job":{"id":"WEB-DEVELOPER","title":"Web
        Developer"},"salary_percentiles":{"percentile_25":33340.89736259337,"percentile_50":42867.448431596495,"percentile_75":55116.03707155434}}]}'
  recorded_at: Mon, 24 Apr 2023 15:08:53 GMT
recorded_with: VCR 6.1.0
